// Jest Snapshot v1, https://goo.gl/fbAQLP

exports[`Test Copy Component Component matches snapshot 1`] = `
<DocumentFragment>
  <div
    class="copy-container"
  >
    <div
      class="copy-label-container"
    >
      <p
        class="copy-label"
      >
        Copy Title
      </p>
      <p
        class="copied"
      >
        Copied!
      </p>
    </div>
    <div
      class="copy-value-container"
    >
      <p
        class="copy-value"
      >
        Copy Me Content
      </p>
      <span>
        <i
          class="fas fa-copy"
          title="copy-icon"
        />
      </span>
    </div>
  </div>
</DocumentFragment>
`;
